<?xml version="1.0" encoding="UTF-8"?>
<testsuites name="Mocha Tests" time="7.029" tests="1" failures="0">
  <testsuite name="Root Suite" timestamp="2024-11-29T12:52:57" tests="0" file="cypress\e2e\searchflow.cy.js" time="0.000" failures="0">
  </testsuite>
  <testsuite name="Song search flow test" timestamp="2024-11-29T12:52:57" tests="1" time="7.016" failures="0">
    <testcase name="Song search flow test Starts up the login page" time="4.861" classname="Starts up the login page">
    </testcase>
  </testsuite>
</testsuites>